
S2.4-E MATLAB PATH SETUP: PASS
 run_S2_4_coupled             : /Users/doodle/Documents/MATLAB/indoor-autonomous-drone/simulation/S2_4_uncertainty_active_exploration_development/coupled/mission/run_S2_4_coupled.m
 exploration_request_S2_4    : /Users/doodle/Documents/MATLAB/indoor-autonomous-drone/simulation/S2_4_uncertainty_active_exploration_development/coupled/mission/exploration_request_S2_4.m
 validate_S2_4_E_all          : /Users/doodle/Documents/MATLAB/indoor-autonomous-drone/simulation/S2_4_uncertainty_active_exploration_development/coupled/validation/validate_S2_4_E_all.m


S2.4-E CONTROLLED ADVERSARIAL POLICY CONTRACT: PASS
target IG / utility: 5.000 / 0.320
decoy  IG / utility: 12.000 / 0.470
                    twoFrontiers: 1
                     competition: 1
            targetSafetyFeasible: 1
             decoySafetyFeasible: 1
                 decoyPolicyOnly: 1
         decoyHasMoreInformation: 1
        decoyHasHigherRawUtility: 1
                     targetTier1: 1
                      decoyTier3: 1
                  targetSelected: 1
           noIrrelevantSelection: 1
                   distinctDecoy: 1
    mostInformativeDecoyRecorded: 1
      rawUtilityDecoyBeatsTarget: 1
                tierPriorityWins: 1

      schema: 'S2_4_E_ADVERSARIAL_POLICY_CONTRACT_V6'
      checks: [1×1 struct]
    evidence: [1×1 struct]
        pass: 1


S2.4-E LITERAL CORRIDOR GEOMETRY CONTRACT: PASS
Safe fork width upper/lower   : 0.646 / 0.896 m
Safe branch width target/decoy: 0.996 / 2.196 m
Obstacle schema source          : inherited:hidden_obstacle_replan
Physical obstacle overlay:
    2.4500    2.1000    0.4000    2.0500
    2.8500    3.4000    3.0000    0.4000

                         schema: 1
                    literalFlag: 1
                       twoWalls: 1
                 obstaclesMatch: 1
                     startMatch: 1
                      homeMatch: 1
                      goalMatch: 1
       obstaclesActiveFromStart: 1
                  upperForkSafe: 1
                  lowerForkSafe: 1
               targetBranchSafe: 1
                decoyBranchSafe: 1
               decoyBranchWider: 1
        targetInitiallyOccluded: 1
         decoyInitiallyOccluded: 1
    validationOnlyGeometryField: 1
           schemaSourceRecorded: 1
           upperForkSafeWidth_m: 0.6460
           lowerForkSafeWidth_m: 0.8960
        targetBranchSafeWidth_m: 0.9960
         decoyBranchSafeWidth_m: 2.1960
                           pass: 1


S2.4-E CONTROLLED ADVERSARIAL POLICY CONTRACT: PASS
target IG / utility: 5.000 / 0.320
decoy  IG / utility: 12.000 / 0.470
                    twoFrontiers: 1
                     competition: 1
            targetSafetyFeasible: 1
             decoySafetyFeasible: 1
                 decoyPolicyOnly: 1
         decoyHasMoreInformation: 1
        decoyHasHigherRawUtility: 1
                     targetTier1: 1
                      decoyTier3: 1
                  targetSelected: 1
           noIrrelevantSelection: 1
                   distinctDecoy: 1
    mostInformativeDecoyRecorded: 1
      rawUtilityDecoyBeatsTarget: 1
                tierPriorityWins: 1


S2.4-E LITERAL CORRIDOR GEOMETRY CONTRACT: PASS
Safe fork width upper/lower   : 0.646 / 0.896 m
Safe branch width target/decoy: 0.996 / 2.196 m
Obstacle schema source          : inherited:hidden_obstacle_replan
Physical obstacle overlay:
    2.4500    2.1000    0.4000    2.0500
    2.8500    3.4000    3.0000    0.4000


============================================================
 S2.4-E v0.3.6-adversarial-competing-corridors-candidate COUPLED ACTIVE EXPLORATION
 seed=0 | scenario=ACTIVE_COMPETING_CORRIDORS | plots=0 | animation=0
 Results: /Users/doodle/Documents/MATLAB/indoor-autonomous-drone/simulation/S2_4_uncertainty_active_exploration_development/results/S2_4_coupled/v0_3_6_adversarial_competing_corridors_candidate/active_competing_corridors/seed_000
============================================================
Goal/unreachable/failsafe       : 1 / 0 / 0
Exploration request/selected    : 1 / 1
Viewpoints executed             : 1
Competing decisions/frontiers   : 1 / 3
Target/irrelevant selections    : 1 / 0
First selected tier/relevance   : 1 / 1.964
Best decoy information gain     : 9.964
Unsafe viewpoint execution steps: 0
Unknown commitments             : 0
Collision / geofence            : 0 / 0
Exploration / mapping / mission : 1 / 1 / 1
Final state                     : COMPLETE
RESULT                          : PASS


S2.4-E MILESTONE 2 — LAYERED LITERAL COMPETING CORRIDORS: PASS
Controlled adversarial policy contract: 1
Selected frontier / target relevance / tier: 1 / 1.964386 / 1
Selected physical information gain          : 17.793070
Clean decoy frontier / candidate / IG       : 2 / 100 / 9.964386
Physical decoy/selected IG ratio (observed): 0.560015
Clean decoy rejection reasons               : IRRELEVANT_EXPLORATION
Physical decoy more informative (observation): 0
               adversarialPolicyContract: 1
                 literalGeometryContract: 1
                  literalTruthWorldMatch: 1
                             missionPass: 1
                        requestGenerated: 1
                         requestAccepted: 1
                       viewpointExecuted: 1
               competingDecisionObserved: 1
                     atLeastTwoFrontiers: 1
              irrelevantCandidatePresent: 1
       distinctIrrelevantFrontierPresent: 1
               cleanFeasibleDecoyPresent: 1
                  targetRelevantSelected: 1
                   noIrrelevantSelection: 1
                    tierPriorityRecorded: 1
                             goalReached: 1
                           rtlAndLanding: 1
                           zeroCollision: 1
                            zeroGeofence: 1
                   zeroUnknownCommitment: 1
            zeroUnsafeViewpointExecution: 1
                          truthIsolation: 1
    physicalDecoyMoreInformativeObserved: 0
            decoyStrictlyMoreInformative: 0
                                    pass: 1

               adversarialPolicyContract: 1
                 literalGeometryContract: 1
                  literalTruthWorldMatch: 1
                             missionPass: 1
                        requestGenerated: 1
                         requestAccepted: 1
                       viewpointExecuted: 1
               competingDecisionObserved: 1
                     atLeastTwoFrontiers: 1
              irrelevantCandidatePresent: 1
       distinctIrrelevantFrontierPresent: 1
               cleanFeasibleDecoyPresent: 1
                  targetRelevantSelected: 1
                   noIrrelevantSelection: 1
                    tierPriorityRecorded: 1
                             goalReached: 1
                           rtlAndLanding: 1
                           zeroCollision: 1
                            zeroGeofence: 1
                   zeroUnknownCommitment: 1
            zeroUnsafeViewpointExecution: 1
                          truthIsolation: 1
    physicalDecoyMoreInformativeObserved: 0
            decoyStrictlyMoreInformative: 0
                                    pass: 1


S2.4-E CONTROLLED ADVERSARIAL POLICY CONTRACT: PASS
target IG / utility: 5.000 / 0.320
decoy  IG / utility: 12.000 / 0.470
                    twoFrontiers: 1
                     competition: 1
            targetSafetyFeasible: 1
             decoySafetyFeasible: 1
                 decoyPolicyOnly: 1
         decoyHasMoreInformation: 1
        decoyHasHigherRawUtility: 1
                     targetTier1: 1
                      decoyTier3: 1
                  targetSelected: 1
           noIrrelevantSelection: 1
                   distinctDecoy: 1
    mostInformativeDecoyRecorded: 1
      rawUtilityDecoyBeatsTarget: 1
                tierPriorityWins: 1


S2.4-E LITERAL CORRIDOR GEOMETRY CONTRACT: PASS
Safe fork width upper/lower   : 0.646 / 0.896 m
Safe branch width target/decoy: 0.996 / 2.196 m
Obstacle schema source          : inherited:hidden_obstacle_replan
Physical obstacle overlay:
    2.4500    2.1000    0.4000    2.0500
    2.8500    3.4000    3.0000    0.4000


=== S2.4-E LAYERED CORRIDORS 1/10 | SEED 0 ===

============================================================
 S2.4-E v0.3.6-adversarial-competing-corridors-candidate COUPLED ACTIVE EXPLORATION
 seed=0 | scenario=ACTIVE_COMPETING_CORRIDORS | plots=0 | animation=0
 Results: /Users/doodle/Documents/MATLAB/indoor-autonomous-drone/simulation/S2_4_uncertainty_active_exploration_development/results/S2_4_coupled/v0_3_6_adversarial_competing_corridors_candidate/active_competing_corridors/seed_000
============================================================
Goal/unreachable/failsafe       : 1 / 0 / 0
Exploration request/selected    : 1 / 1
Viewpoints executed             : 1
Competing decisions/frontiers   : 1 / 3
Target/irrelevant selections    : 1 / 0
First selected tier/relevance   : 1 / 1.964
Best decoy information gain     : 9.964
Unsafe viewpoint execution steps: 0
Unknown commitments             : 0
Collision / geofence            : 0 / 0
Exploration / mapping / mission : 1 / 1 / 1
Final state                     : COMPLETE
RESULT                          : PASS


=== S2.4-E LAYERED CORRIDORS 2/10 | SEED 1 ===

============================================================
 S2.4-E v0.3.6-adversarial-competing-corridors-candidate COUPLED ACTIVE EXPLORATION
 seed=1 | scenario=ACTIVE_COMPETING_CORRIDORS | plots=0 | animation=0
 Results: /Users/doodle/Documents/MATLAB/indoor-autonomous-drone/simulation/S2_4_uncertainty_active_exploration_development/results/S2_4_coupled/v0_3_6_adversarial_competing_corridors_candidate/active_competing_corridors/seed_001
============================================================
Goal/unreachable/failsafe       : 1 / 0 / 0
Exploration request/selected    : 1 / 1
Viewpoints executed             : 1
Competing decisions/frontiers   : 1 / 3
Target/irrelevant selections    : 1 / 0
First selected tier/relevance   : 1 / 3.000
Best decoy information gain     : 8.867
Unsafe viewpoint execution steps: 0
Unknown commitments             : 0
Collision / geofence            : 0 / 0
Exploration / mapping / mission : 1 / 1 / 1
Final state                     : COMPLETE
RESULT                          : PASS


=== S2.4-E LAYERED CORRIDORS 3/10 | SEED 2 ===

============================================================
 S2.4-E v0.3.6-adversarial-competing-corridors-candidate COUPLED ACTIVE EXPLORATION
 seed=2 | scenario=ACTIVE_COMPETING_CORRIDORS | plots=0 | animation=0
 Results: /Users/doodle/Documents/MATLAB/indoor-autonomous-drone/simulation/S2_4_uncertainty_active_exploration_development/results/S2_4_coupled/v0_3_6_adversarial_competing_corridors_candidate/active_competing_corridors/seed_002
============================================================
Goal/unreachable/failsafe       : 1 / 0 / 0
Exploration request/selected    : 1 / 1
Viewpoints executed             : 1
Competing decisions/frontiers   : 1 / 3
Target/irrelevant selections    : 1 / 0
First selected tier/relevance   : 1 / 2.867
Best decoy information gain     : 8.467
Unsafe viewpoint execution steps: 0
Unknown commitments             : 0
Collision / geofence            : 0 / 0
Exploration / mapping / mission : 1 / 1 / 1
Final state                     : COMPLETE
RESULT                          : PASS


=== S2.4-E LAYERED CORRIDORS 4/10 | SEED 3 ===

============================================================
 S2.4-E v0.3.6-adversarial-competing-corridors-candidate COUPLED ACTIVE EXPLORATION
 seed=3 | scenario=ACTIVE_COMPETING_CORRIDORS | plots=0 | animation=0
 Results: /Users/doodle/Documents/MATLAB/indoor-autonomous-drone/simulation/S2_4_uncertainty_active_exploration_development/results/S2_4_coupled/v0_3_6_adversarial_competing_corridors_candidate/active_competing_corridors/seed_003
============================================================
Goal/unreachable/failsafe       : 1 / 0 / 0
Exploration request/selected    : 1 / 1
Viewpoints executed             : 1
Competing decisions/frontiers   : 1 / 3
Target/irrelevant selections    : 1 / 0
First selected tier/relevance   : 1 / 3.000
Best decoy information gain     : 9.802
Unsafe viewpoint execution steps: 0
Unknown commitments             : 0
Collision / geofence            : 0 / 0
Exploration / mapping / mission : 1 / 1 / 1
Final state                     : COMPLETE
RESULT                          : PASS


=== S2.4-E LAYERED CORRIDORS 5/10 | SEED 4 ===

============================================================
 S2.4-E v0.3.6-adversarial-competing-corridors-candidate COUPLED ACTIVE EXPLORATION
 seed=4 | scenario=ACTIVE_COMPETING_CORRIDORS | plots=0 | animation=0
 Results: /Users/doodle/Documents/MATLAB/indoor-autonomous-drone/simulation/S2_4_uncertainty_active_exploration_development/results/S2_4_coupled/v0_3_6_adversarial_competing_corridors_candidate/active_competing_corridors/seed_004
============================================================
Goal/unreachable/failsafe       : 1 / 0 / 0
Exploration request/selected    : 1 / 1
Viewpoints executed             : 1
Competing decisions/frontiers   : 1 / 3
Target/irrelevant selections    : 1 / 0
First selected tier/relevance   : 1 / 2.734
Best decoy information gain     : 10.565
Unsafe viewpoint execution steps: 0
Unknown commitments             : 0
Collision / geofence            : 0 / 0
Exploration / mapping / mission : 1 / 1 / 1
Final state                     : COMPLETE
RESULT                          : PASS


=== S2.4-E LAYERED CORRIDORS 6/10 | SEED 5 ===

============================================================
 S2.4-E v0.3.6-adversarial-competing-corridors-candidate COUPLED ACTIVE EXPLORATION
 seed=5 | scenario=ACTIVE_COMPETING_CORRIDORS | plots=0 | animation=0
 Results: /Users/doodle/Documents/MATLAB/indoor-autonomous-drone/simulation/S2_4_uncertainty_active_exploration_development/results/S2_4_coupled/v0_3_6_adversarial_competing_corridors_candidate/active_competing_corridors/seed_005
============================================================
Goal/unreachable/failsafe       : 1 / 0 / 0
Exploration request/selected    : 1 / 1
Viewpoints executed             : 1
Competing decisions/frontiers   : 1 / 3
Target/irrelevant selections    : 1 / 0
First selected tier/relevance   : 1 / 2.000
Best decoy information gain     : 8.867
Unsafe viewpoint execution steps: 0
Unknown commitments             : 0
Collision / geofence            : 0 / 0
Exploration / mapping / mission : 1 / 1 / 1
Final state                     : COMPLETE
RESULT                          : PASS


=== S2.4-E LAYERED CORRIDORS 7/10 | SEED 6 ===

============================================================
 S2.4-E v0.3.6-adversarial-competing-corridors-candidate COUPLED ACTIVE EXPLORATION
 seed=6 | scenario=ACTIVE_COMPETING_CORRIDORS | plots=0 | animation=0
 Results: /Users/doodle/Documents/MATLAB/indoor-autonomous-drone/simulation/S2_4_uncertainty_active_exploration_development/results/S2_4_coupled/v0_3_6_adversarial_competing_corridors_candidate/active_competing_corridors/seed_006
============================================================
Goal/unreachable/failsafe       : 1 / 0 / 0
Exploration request/selected    : 1 / 1
Viewpoints executed             : 1
Competing decisions/frontiers   : 1 / 3
Target/irrelevant selections    : 1 / 0
First selected tier/relevance   : 1 / 1.867
Best decoy information gain     : 8.434
Unsafe viewpoint execution steps: 0
Unknown commitments             : 0
Collision / geofence            : 0 / 0
Exploration / mapping / mission : 1 / 1 / 1
Final state                     : COMPLETE
RESULT                          : PASS


=== S2.4-E LAYERED CORRIDORS 8/10 | SEED 7 ===

============================================================
 S2.4-E v0.3.6-adversarial-competing-corridors-candidate COUPLED ACTIVE EXPLORATION
 seed=7 | scenario=ACTIVE_COMPETING_CORRIDORS | plots=0 | animation=0
 Results: /Users/doodle/Documents/MATLAB/indoor-autonomous-drone/simulation/S2_4_uncertainty_active_exploration_development/results/S2_4_coupled/v0_3_6_adversarial_competing_corridors_candidate/active_competing_corridors/seed_007
============================================================
Goal/unreachable/failsafe       : 1 / 0 / 0
Exploration request/selected    : 1 / 1
Viewpoints executed             : 1
Competing decisions/frontiers   : 1 / 3
Target/irrelevant selections    : 1 / 0
First selected tier/relevance   : 1 / 2.000
Best decoy information gain     : 10.761
Unsafe viewpoint execution steps: 0
Unknown commitments             : 0
Collision / geofence            : 0 / 0
Exploration / mapping / mission : 1 / 1 / 1
Final state                     : COMPLETE
RESULT                          : PASS


=== S2.4-E LAYERED CORRIDORS 9/10 | SEED 8 ===

============================================================
 S2.4-E v0.3.6-adversarial-competing-corridors-candidate COUPLED ACTIVE EXPLORATION
 seed=8 | scenario=ACTIVE_COMPETING_CORRIDORS | plots=0 | animation=0
 Results: /Users/doodle/Documents/MATLAB/indoor-autonomous-drone/simulation/S2_4_uncertainty_active_exploration_development/results/S2_4_coupled/v0_3_6_adversarial_competing_corridors_candidate/active_competing_corridors/seed_008
============================================================
Goal/unreachable/failsafe       : 1 / 0 / 0
Exploration request/selected    : 1 / 1
Viewpoints executed             : 1
Competing decisions/frontiers   : 1 / 3
Target/irrelevant selections    : 1 / 0
First selected tier/relevance   : 1 / 3.000
Best decoy information gain     : 8.893
Unsafe viewpoint execution steps: 0
Unknown commitments             : 0
Collision / geofence            : 0 / 0
Exploration / mapping / mission : 1 / 1 / 1
Final state                     : COMPLETE
RESULT                          : PASS


=== S2.4-E LAYERED CORRIDORS 10/10 | SEED 9 ===

============================================================
 S2.4-E v0.3.6-adversarial-competing-corridors-candidate COUPLED ACTIVE EXPLORATION
 seed=9 | scenario=ACTIVE_COMPETING_CORRIDORS | plots=0 | animation=0
 Results: /Users/doodle/Documents/MATLAB/indoor-autonomous-drone/simulation/S2_4_uncertainty_active_exploration_development/results/S2_4_coupled/v0_3_6_adversarial_competing_corridors_candidate/active_competing_corridors/seed_009
============================================================
Goal/unreachable/failsafe       : 1 / 0 / 0
Exploration request/selected    : 1 / 1
Viewpoints executed             : 1
Competing decisions/frontiers   : 1 / 3
Target/irrelevant selections    : 1 / 0
First selected tier/relevance   : 1 / 3.000
Best decoy information gain     : 8.735
Unsafe viewpoint execution steps: 0
Unknown commitments             : 0
Collision / geofence            : 0 / 0
Exploration / mapping / mission : 1 / 1 / 1
Final state                     : COMPLETE
RESULT                          : PASS

    Seed    GoalReached    Requests    Executed    CompetingDecisions    MaxFrontiers    IrrelevantCandidates    DistinctIrrelevantFrontiers    CleanDecoyFound    TargetSelections    IrrelevantSelections    SelectedTier    SelectedTargetRelevance    SelectedInformationGain    CleanDecoyInformationGain    PhysicalDecoyMoreInformativeObserved    TierPriorityMargin    UnsafeExecution    UnknownCommitments    Collisions    GeofenceViolations    TruthWorldMatch    MissionPass
    ____    ___________    ________    ________    __________________    ____________    ____________________    ___________________________    _______________    ________________    ____________________    ____________    _______________________    _______________________    _________________________    ____________________________________    __________________    _______________    __________________    __________    __________________    _______________    ___________

     0           1            1           1                1                  3                   3                           1                        1                  1                     0                   1                  1.9644                     17.793                      9.9644                               0                              2                    0                   0                 0                 0                    1                1     
     1           1            1           1                1                  3                   1                           1                        0                  1                     0                   1                       3                     20.734                         NaN                               0                              2                    0                   0                 0                 0                    1                1     
     2           1            1           1                1                  3                   1                           1                        0                  1                     0                   1                  2.8675                     21.725                         NaN                               0                              2                    0                   0                 0                 0                    1                1     
     3           1            1           1                1                  3                   3                           1                        1                  1                     0                   1                       3                     20.929                      9.8015                               0                              2                    0                   0                 0                 0                    1                1     
     4           1            1           1                1                  3                   3                           1                        1                  1                     0                   1                  2.7335                     21.433                      10.565                               0                              2                    0                   0                 0                 0                    1                1     
     5           1            1           1                1                  3                   1                           1                        0                  1                     0                   1                       2                     21.627                         NaN                               0                              2                    0                   0                 0                 0                    1                1     
     6           1            1           1                1                  3                   1                           1                        0                  1                     0                   1                  1.8675                     20.699                         NaN                               0                              2                    0                   0                 0                 0                    1                1     
     7           1            1           1                1                  3                   3                           1                        1                  1                     0                   1                       2                     18.662                      10.761                               0                              2                    0                   0                 0                 0                    1                1     
     8           1            1           1                1                  3                   1                           1                        0                  1                     0                   1                       3                     20.832                         NaN                               0                              2                    0                   0                 0                 0                    1                1     
     9           1            1           1                1                  3                   1                           1                        0                  1                     0                   1                       3                     20.893                         NaN                               0                              2                    0                   0                 0                 0                    1                1     


S2.4-E LAYERED COMPETING CORRIDORS MULTISEED V6: 10/10 MISSION PASS | clean-decoy activation 4/10 | benchmark=1 | policy=1 | PASS
                                       schema: 'S2_4_E_LAYERED_MULTI_SEED_V6'
                                     scenario: 'active_competing_corridors'
                                      version: 'v0.3.6-adversarial-competing-corridors-candidate'
                                        seeds: [10×1 double]
                                benchmarkSeed: 0
                                         runs: {10×1 cell}
                                 summaryTable: [10×23 table]
                adversarialPolicyContractPass: 1
                          literalGeometryPass: 1
                      benchmarkActivationPass: 1
                          allSeedDecisionPass: 1
                      conditionalPriorityPass: 1
                               hardSafetyPass: 1
                        missionCompletionPass: 1
                    cleanDecoyActivationCount: 4
                    cleanDecoyActivationSeeds: [4×1 double]
    physicalDecoyMoreInformativeObservedCount: 0
                                         pass: 1

