
$ /opt/miniconda3/bin/python3 tools/audit_parent_immutability.py
Frozen S2.3 files checked: 208
Missing: 0 | changed: 0 | extra: 0
PARENT BYTE IDENTITY: PASS

$ /opt/miniconda3/bin/python3 tools/audit_final_parent_manifest.py
Final closure manifest paths: 203; mismatches: 0
Mismatches: none
All source files match final closure manifest: 1
FINAL PARENT MANIFEST INTERPRETATION: PASS

$ /opt/miniconda3/bin/python3 tools/audit_truth_isolation_s2_4.py
S2.4 truth/command isolation: PASS

$ /opt/miniconda3/bin/python3 tools/matlab_source_sanity_s2_4.py
MATLAB source files checked: 9
MATLAB SOURCE SANITY: PASS

$ /opt/miniconda3/bin/python3 python_tests/s2_4_ad_contract_backtest.py
01 scenario_1               PASS 
02 scenario_2               PASS 
03 scenario_3               PASS 
04 scenario_4               PASS 
05 scenario_5               PASS 
06 scenario_6               PASS 
07 scenario_7               PASS 
08 scenario_8               PASS 
09 scenario_9               PASS 
10 scenario_10              PASS 
11 scenario_11              PASS 
12 scenario_12              PASS 
13 scenario_13              PASS 
14 scenario_14              PASS 
15 scenario_15              PASS 

S2.4 A-D PACKAGE STATIC/OFFLINE GATE: PASS
Frozen S2.3 files checked: 208
Missing: 0 | changed: 0 | extra: 0
PARENT BYTE IDENTITY: PASS
Final closure manifest paths: 203; mismatches: 0
Mismatches: none
All source files match final closure manifest: 1
FINAL PARENT MANIFEST INTERPRETATION: PASS
Coupled MATLAB files checked: 20
Decision truth/command isolation: PASS
Mission-request schema: PASS
Frozen-parent output isolation: PASS
S2.4-E STATIC GATE: PASS
S2.4-E literal competing-corridors geometry audit
inflation: 0.602 m
safe fork widths upper/lower: 0.646 / 0.896 m
safe branch widths target/decoy: 0.996 / 2.196 m
A* route lengths target/decoy: 5.414 / 5.256 m
east-side safe free cells target/decoy: 162 / 378
decoy/target safe-area ratio: 2.333
checks:
  schema: PASS
  two_truth_walls: PASS
  walls_inside_room: PASS
  upper_fork_positive_clearance: PASS
  lower_fork_positive_clearance: PASS
  target_branch_positive_clearance: PASS
  decoy_branch_positive_clearance: PASS
  decoy_branch_wider_than_target: PASS
  target_initially_occluded: PASS
  decoy_initially_occluded: PASS
  start_free_after_inflation: PASS
  goal_free_after_inflation: PASS
  decoy_probe_free_after_inflation: PASS
  target_route_exists: PASS
  decoy_route_exists: PASS
  target_route_uses_upper_fork: PASS
  decoy_route_uses_lower_fork: PASS
  east_branches_disconnected: PASS
  decoy_free_area_larger: PASS
RESULT: PASS
NOTE: coupled MATLAB mission validation is still pending.
S2.4-E legacy v0.3.0 recorded-map selector regression
scope: NOT the literal-corridor physical-world validation
qualifying snapshots: 15
first snapshot/time: 8 / 8.040000000000001
active frontiers: 3
distinct irrelevant frontiers: 1
selected tier/relevance: 1 / 4.0
selected/decoy information: 4.0 / 21.0
RESULT: PASS

$ /opt/miniconda3/bin/python3 /Users/doodle/Documents/MATLAB/indoor-autonomous-drone/simulation/S2_4_uncertainty_active_exploration_development/tools/run_all_checks.py

$ /opt/miniconda3/bin/python3 /Users/doodle/Documents/MATLAB/indoor-autonomous-drone/simulation/S2_4_uncertainty_active_exploration_development/coupled/validation/audit_S2_4_E_static.py

$ /opt/miniconda3/bin/python3 /Users/doodle/Documents/MATLAB/indoor-autonomous-drone/simulation/S2_4_uncertainty_active_exploration_development/coupled/validation/audit_S2_4_E_literal_corridor_geometry.py

$ /opt/miniconda3/bin/python3 /Users/doodle/Documents/MATLAB/indoor-autonomous-drone/simulation/S2_4_uncertainty_active_exploration_development/coupled/validation/audit_S2_4_E_scenario2_preflight.py

Goal-requires-scan recorded preflight: PASS
Snapshots: 103 | accepted candidates: 15 | unsafe: 0

S2.4-E AGGREGATE STATIC/OFFLINE GATE: PASS
Literal-corridor static geometry contract: PASS
Legacy v0.3.0 recorded-map selector regression: PASS
MATLAB coupled literal-corridor mission: PENDING LOCAL MATLAB RUN
